$ git config --global user.name "Your Name"
$ git config --global user.email "email@example.com"

$ git init #通过git init命令把这个目录变成Git可以管理的仓库：

$ git add readme.txt #用命令git add告诉Git，把文件添加到仓库：

$ git commit -m "wrote a readme file" #用命令git commit告诉Git，把文件提交到仓库：

$ git log #git log命令显示从最近到最远的提交日志

$ git reset --hard HEAD^ #在Git中，用HEAD表示当前版本，
也就是最新的提交3628164...882e1e0（注意我的提交ID和你的肯定不一样），
上一个版本就是HEAD^，上上一个版本就是HEAD^^，当然往上100个版本写100个^比较容易数不过来，
所以写成HEAD~100。
现在，我们要把当前版本“append GPL”回退到上一个版本“add distributed”，就可以使用git reset命令：
$ git reset --hard 3628164 #commit id是3628164...，于是就可以指定回到未来的某个版本：

$ git reflog #git reflog用来记录你的每一次命令：

$ git diff HEAD -- readme.txt  #命令可以查看工作区和版本库里面最新版本的区别：

$ git status #运行git status命令看看结果：

$ git checkout -- readme.txt #git checkout -- file可以丢弃工作区的修改：

$ git reset HEAD readme.txt #用命令git reset HEAD file
可以把暂存区的修改撤销掉（unstage），重新放回工作区：

$ git add test.txt
$ git commit -m "add test.txt" #先添加一个新文件test.txt到Git并且提交：

$ git rm test.txt #那就用命令git rm删掉，并且git commit：

$ git remote add origin git@github.com:michaelliao/learngit.git #
把一个已有的本地仓库与之关联，然后，把本地仓库的内容推送到GitHub仓库。

$ git push -u origin master #把本地库的内容推送到远程，用git push命令，
实际上是把当前分支master推送到远程。
由于远程库是空的，我们第一次推送master分支时，加上了-u参数，
Git不但会把本地的master分支内容推送的远程新的master分支，
还会把本地的master分支和远程的master分支关联起来，在以后的推送或者拉取时就可以简化命令

$ git push origin master #把本地master分支的最新修改推送至GitHub

$ git clone git@github.com:michaelliao/gitskills.git
用命令git clone克隆一个本地库：

HEAD严格来说不是指向提交，而是指向master，master才是指向提交的，所以，HEAD指向的就是当前分支。

$ git checkout -b dev #我们创建dev分支，然后切换到dev分支：
git checkout命令加上-b参数表示创建并切换，相当于以下两条命令：
$ git branch dev
$ git checkout dev

用git branch命令查看当前分支：
$ git branch
git branch命令会列出所有分支，当前分支前面会标一个*号。


dev分支的工作完成，我们就可以切换回master分支：
$ git checkout master

我们把dev分支的工作成果合并到master分支上：
$ git merge dev

合并完成后，就可以放心地删除dev分支了：
$ git branch -d dev

Git鼓励大量使用分支：

查看分支：git branch

创建分支：git branch <name>

切换分支：git checkout <name>

创建+切换分支：git checkout -b <name>

合并某分支到当前分支：git merge <name>

删除分支：git branch -d <name>

<<<<<<< HEAD
2222
=======
111
>>>>>>> dev2

用带参数的git log也可以看到分支的合并情况：
$ git log --graph --pretty=oneline --abbrev-commit

幸好，Git还提供了一个stash功能，可以把当前工作现场“储藏”起来，等以后恢复现场后继续工作：
$ git stash
工作区是干净的，刚才的工作现场存到哪去了？用git stash list命令看看：

$ git stash list
stash@{0}: WIP on dev: 6224937 add merge
工作现场还在，Git把stash内容存在某个地方了，但是需要恢复一下，有两个办法：

一是用git stash apply恢复，但是恢复后，stash内容并不删除，你需要用git stash drop来删除；

另一种方式是用git stash pop，恢复的同时把stash内容也删了：

销毁失败。Git友情提醒，feature-vulcan分支还没有被合并，如果删除，将丢失掉修改，如果要强行删除，需要使用命令git branch -D feature-vulcan。

现在我们强行删除：

$ git branch -D feature-vulcan

要查看远程库的信息，用git remote：

$ git remote
origin
或者，用git remote -v显示更详细的信息：

$ git remote -v
origin  git@github.com:michaelliao/learngit.git (fetch)
origin  git@github.com:michaelliao/learngit.git (push)
上面显示了可以抓取和推送的origin的地址。如果没有推送权限，就看不到push的地址。

现在，你的小伙伴要在dev分支上开发，就必须创建远程origin的dev分支到本地，于是他用这个命令创建本地dev分支：
$ git checkout -b dev origin/dev

推送失败，因为你的小伙伴的最新提交和你试图推送的提交有冲突，解决办法也很简单，Git已经提示我们，先用git pull把最新的提交从origin/dev抓下来，
然后，在本地合并，解决冲突，再推送：

多人协作

阅读: 427493
当你从远程仓库克隆时，实际上Git自动把本地的master分支和远程的master分支对应起来了，并且，远程仓库的默认名称是origin。

要查看远程库的信息，用git remote：

$ git remote
origin
或者，用git remote -v显示更详细的信息：

$ git remote -v
origin  git@github.com:michaelliao/learngit.git (fetch)
origin  git@github.com:michaelliao/learngit.git (push)
上面显示了可以抓取和推送的origin的地址。如果没有推送权限，就看不到push的地址。

推送分支

推送分支，就是把该分支上的所有本地提交推送到远程库。推送时，要指定本地分支，这样，Git就会把该分支推送到远程库对应的远程分支上：

$ git push origin master
如果要推送其他分支，比如dev，就改成：

$ git push origin dev
但是，并不是一定要把本地分支往远程推送，那么，哪些分支需要推送，哪些不需要呢？

master分支是主分支，因此要时刻与远程同步；

dev分支是开发分支，团队所有成员都需要在上面工作，所以也需要与远程同步；

bug分支只用于在本地修复bug，就没必要推到远程了，除非老板要看看你每周到底修复了几个bug；

feature分支是否推到远程，取决于你是否和你的小伙伴合作在上面开发。

总之，就是在Git中，分支完全可以在本地自己藏着玩，是否推送，视你的心情而定！


0:00
/ 0:28


抓取分支

多人协作时，大家都会往master和dev分支上推送各自的修改。

现在，模拟一个你的小伙伴，可以在另一台电脑（注意要把SSH Key添加到GitHub）或者同一台电脑的另一个目录下克隆：

$ git clone git@github.com:michaelliao/learngit.git
Cloning into 'learngit'...
remote: Counting objects: 46, done.
remote: Compressing objects: 100% (26/26), done.
remote: Total 46 (delta 16), reused 45 (delta 15)
Receiving objects: 100% (46/46), 15.69 KiB | 6 KiB/s, done.
Resolving deltas: 100% (16/16), done.
当你的小伙伴从远程库clone时，默认情况下，你的小伙伴只能看到本地的master分支。不信可以用git branch命令看看：

$ git branch
* master
现在，你的小伙伴要在dev分支上开发，就必须创建远程origin的dev分支到本地，于是他用这个命令创建本地dev分支：

$ git checkout -b dev origin/dev
现在，他就可以在dev上继续修改，然后，时不时地把dev分支push到远程：

$ git commit -m "add /usr/bin/env"
[dev 291bea8] add /usr/bin/env
 1 file changed, 1 insertion(+)
$ git push origin dev
Counting objects: 5, done.
Delta compression using up to 4 threads.
Compressing objects: 100% (2/2), done.
Writing objects: 100% (3/3), 349 bytes, done.
Total 3 (delta 0), reused 0 (delta 0)
To git@github.com:michaelliao/learngit.git
   fc38031..291bea8  dev -> dev

0:00
/ 1:44


 你的小伙伴已经向origin/dev分支推送了他的提交，而碰巧你也对同样的文件作了修改，并试图推送：

$ git add hello.py 
$ git commit -m "add coding: utf-8"
[dev bd6ae48] add coding: utf-8
 1 file changed, 1 insertion(+)
$ git push origin dev
To git@github.com:michaelliao/learngit.git
 ! [rejected]        dev -> dev (non-fast-forward)
error: failed to push some refs to 'git@github.com:michaelliao/learngit.git'
hint: Updates were rejected because the tip of your current branch is behind
hint: its remote counterpart. Merge the remote changes (e.g. 'git pull')
hint: before pushing again.
hint: See the 'Note about fast-forwards' in 'git push --help' for details.
推送失败，因为你的小伙伴的最新提交和你试图推送的提交有冲突，解决办法也很简单，Git已经提示我们，先用git pull把最新的提交从origin/dev抓下来，然后，在本地合并，解决冲突，再推送：

$ git pull
remote: Counting objects: 5, done.
remote: Compressing objects: 100% (2/2), done.
remote: Total 3 (delta 0), reused 3 (delta 0)
Unpacking objects: 100% (3/3), done.
From github.com:michaelliao/learngit
   fc38031..291bea8  dev        -> origin/dev
There is no tracking information for the current branch.
Please specify which branch you want to merge with.
See git-pull(1) for details

    git pull <remote> <branch>

If you wish to set tracking information for this branch you can do so with:

    git branch --set-upstream dev origin/<branch>
git pull也失败了，原因是没有指定本地dev分支与远程origin/dev分支的链接，根据提示，设置dev和origin/dev的链接：

$ git branch --set-upstream dev origin/dev
Branch dev set up to track remote branch dev from origin.
再pull：

$ git pull
Auto-merging hello.py
CONFLICT (content): Merge conflict in hello.py
Automatic merge failed; fix conflicts and then commit the result.
这回git pull成功，但是合并有冲突，需要手动解决，解决的方法和分支管理中的解决冲突完全一样。解决后，提交，再push：

$ git commit -m "merge & fix hello.py"
[dev adca45d] merge & fix hello.py
$ git push origin dev
Counting objects: 10, done.
Delta compression using up to 4 threads.
Compressing objects: 100% (5/5), done.
Writing objects: 100% (6/6), 747 bytes, done.
Total 6 (delta 0), reused 0 (delta 0)
To git@github.com:michaelliao/learngit.git
   291bea8..adca45d  dev -> dev

0:00
/ 2:06


 因此，多人协作的工作模式通常是这样：

首先，可以试图用git push origin branch-name推送自己的修改；

如果推送失败，则因为远程分支比你的本地更新，需要先用git pull试图合并；

如果合并有冲突，则解决冲突，并在本地提交；

没有冲突或者解决掉冲突后，再用git push origin branch-name推送就能成功！

如果git pull提示“no tracking information”，则说明本地分支和远程分支的链接关系没有创建，
用命令git branch --set-upstream branch-name origin/branch-name。
git branch --set-upstream dev origin/dev

查看远程库信息，使用git remote -v；

本地新建的分支如果不推送到远程，对其他人就是不可见的；

从本地推送分支，使用git push origin branch-name，如果推送失败，先用git pull抓取远程的新提交；

在本地创建和远程分支对应的分支，使用git checkout -b branch-name origin/branch-name，本地和远程分支的名称最好一致；

建立本地分支和远程分支的关联，使用git branch --set-upstream branch-name origin/branch-name；

从远程抓取分支，使用git pull，如果有冲突，要先处理冲突。


然后，敲命令git tag <name>就可以打一个新标签：
$ git tag v1.0
可以用命令git tag查看所有标签：
$ git tag
v1.0

方法是找到历史提交的commit id，然后打上就可以了：
$ git log --pretty=oneline --abbrev-commit

命令git tag <name>用于新建一个标签，默认为HEAD，也可以指定一个commit id；

git tag -a <tagname> -m "blablabla..."可以指定标签信息；

git tag -s <tagname> -m "blablabla..."可以用PGP签名标签；

命令git tag可以查看所有标签。

操作标签

阅读: 160819
如果标签打错了，也可以删除：

$ git tag -d v0.1
Deleted tag 'v0.1' (was e078af9)
因为创建的标签都只存储在本地，不会自动推送到远程。所以，打错的标签可以在本地安全删除。

如果要推送某个标签到远程，使用命令git push origin <tagname>：

$ git push origin v1.0
Total 0 (delta 0), reused 0 (delta 0)
To git@github.com:michaelliao/learngit.git
 * [new tag]         v1.0 -> v1.0
或者，一次性推送全部尚未推送到远程的本地标签：

$ git push origin --tags
Counting objects: 1, done.
Writing objects: 100% (1/1), 554 bytes, done.
Total 1 (delta 0), reused 0 (delta 0)
To git@github.com:michaelliao/learngit.git
 * [new tag]         v0.2 -> v0.2
 * [new tag]         v0.9 -> v0.9
如果标签已经推送到远程，要删除远程标签就麻烦一点，先从本地删除：

$ git tag -d v0.9
Deleted tag 'v0.9' (was 6224937)
然后，从远程删除。删除命令也是push，但是格式如下：

$ git push origin :refs/tags/v0.9
To git@github.com:michaelliao/learngit.git
 - [deleted]         v0.9
要看看是否真的从远程库删除了标签，可以登陆GitHub查看。


0:00
/ 0:43


小结

命令git push origin <tagname>可以推送一个本地标签；

命令git push origin --tags可以推送全部未推送过的本地标签；

命令git tag -d <tagname>可以删除一个本地标签；

命令git push origin :refs/tags/<tagname>可以删除一个远程标签。

比如，让Git显示颜色，会让命令输出看起来更醒目：

$ git config --global color.ui true

忽略某些文件时，需要编写.gitignore；

.gitignore文件本身要放到版本库里，并且可以对.gitignore做版本管理！